MAP
	NAME ECOZONES_V1
	STATUS ON
	SIZE 600 420
	EXTENT -140.999421 41.673538 -52.364576 83.633154
	UNITS dd
	SHAPEPATH "/production/geodata/ecozones/v1/canada/shapefiles"
	IMAGECOLOR 255 255 255
	FONTSET fontset.txt
	PROJECTION
		"init=epsg:4326"
	END
	
	WEB
		IMAGEPATH "/usr/local/httpd/metamapper/public/tmp/"
		IMAGEURL "/tmp/"
		TEMPLATE 'http://website.gis.agr.gc.ca/stuff/[ECOZONE]/info.html'
		METADATA
			"wms_title"          "ECOZONES " 
			"wms_onlineresource" "http://website.gis.agr.gc.ca/cgi-bin/ecozones_v1?" 
      "wms_abstract" "This data is part of a nested hierarchy of natural areas.  Digital coverages of ecozones, ecoregions and ecodistricts were compiled on the standard 1:1 million scale map bases of the Soil Landscapes of Canada database. Une version en fran?ais est disponible ? http://wms1.agr.gc.ca/cgi-bin/ogc/eco_wms_f?service=wms&request=getcapabilities"
			#"wms_srs"            "latlong"
			"wms_srs" "EPSG:42304 EPSG:42101 EPSG:4269 EPSG:4326 EPSG:4267 EPSG:900913"
			"wms_accesscontraints" "none"
			"wms_addresstype" "postal"
			"wms_address" "960 Carling Ave."
			"wms_city" "Ottawa"
			"wms_stateorprovince" "Ontario"
			"wms_postcode" "K1A 0C6"
			"wms_country" "Canada"
			"wms_contactelectronicmailaddress" "schutp@agr.gc.ca"
			"wms_contactfacsimiletelephone" "613-759-1937"
			"wms_contactperson" "Peter Schut"
			"wms_contactorganization" "Agriculture and Agri-Food Canada"
			"wms_contactposition" "Head, CanSIS"
			"wms_fees" "none"
      "wms_keywordlist" "ecostratification,ecozones,ecoprovinces,ecoregions,ecodistricts,ecological framework,ecological boundaries,canada"
			"wms_enable_request" "GetCapabilities GetMap GetFeatureInfo GetLegendGraphic"
			"wms_feature_info_mime_type" "text/html"
		END
	END

   #Will be used in GetLegend requests
  LEGEND
    STATUS ON
    KEYSIZE 18 12
    LABEL
      TYPE truetype
      FONT "ariel"
      SIZE 9
      OFFSET 0 -1
    END
  END

# Start of layer definitions
LAYER
  NAME "ecozones"
  TYPE Polygon
  STATUS ON
  DATA ecozones_v1_canada
	EXTENT -140.999421 41.673538 -52.364576 83.633154
	MINSCALEDENOM 100000
	MAXSCALEDENOM 200000000
  DUMP TRUE
	#HEADER "ecozones_header.html"
	#TEMPLATE "ecozones_content.html"
	#FOOTER "ecozones_footer.html"
	#TEMPLATE 'http://website.gis.agr.gc.ca/cansis/services/vector/ecozones/v1/canada/soil/[ECOZONE].html'
	TEMPLATE '/production/sites/website/app/mapserver/ecozone_number.txt.html'
  CLASSITEM "ECOZONE"
    CLASS
       NAME 'Ecozones'
       Expression ''
       COLOR 255 255 255
    END
    CLASS
      EXPRESSION '1'
      NAME 'Arctic Cordillera'
      COLOR 204 255 255
      OUTLINECOLOR 0 0 0
    END
    CLASS
      EXPRESSION '2'
      NAME 'Northern Arctic'
      COLOR 153 204 204
      OUTLINECOLOR 0 0 0
    END
    CLASS
      EXPRESSION '3'
      NAME 'Southern Arctic'
      COLOR 0 153 204
      OUTLINECOLOR 0 0 0
    END
    CLASS
      EXPRESSION '4'
      NAME 'Taiga Plains'
      COLOR 204 204 204
      OUTLINECOLOR 0 0 0
    END
    CLASS
      EXPRESSION '5'
      NAME 'Taiga Shield'
      COLOR 153 153 153
      OUTLINECOLOR 0 0 0
    END
    CLASS
      EXPRESSION '15'
      NAME 'Hudson Plains'
      COLOR 204 255 153
      OUTLINECOLOR 0 0 0
    END
    CLASS
      EXPRESSION '6'
      NAME 'Boreal Shield'
      COLOR 102 204 102
      OUTLINECOLOR 0 0 0
    END
    CLASS
      EXPRESSION '8'
      NAME 'Mixed Wood Plains'
      #COLOR 255 204 153
      COLOR 204 204 153
      OUTLINECOLOR 0 0 0
    END
    CLASS
      EXPRESSION '7'
      NAME 'Atlantic Maritime'
      COLOR 102 204 204
      OUTLINECOLOR 0 0 0
    END
    CLASS
      EXPRESSION '11'
      NAME 'Taiga Cordillera'
      COLOR 204 153 204
      OUTLINECOLOR 0 0 0
    END
    CLASS
      EXPRESSION '12'
      NAME 'Boreal Cordillera'
      COLOR 153 102 204
      OUTLINECOLOR 0 0 0
    END
    CLASS
      EXPRESSION '13'
      NAME 'Pacific Maritime'
      COLOR 0 102 0
      OUTLINECOLOR 0 0 0
    END
    CLASS
      EXPRESSION '14'
      NAME 'Montane Cordillera'
      COLOR 153 204 000
      OUTLINECOLOR 0 0 0
    END
    CLASS
      EXPRESSION '9'
      NAME 'Boreal Plains'
      COLOR 204 255 204
      OUTLINECOLOR 0 0 0
    END
    CLASS
      EXPRESSION '10'
      NAME 'Prairies'
      COLOR 255 255 153
      OUTLINECOLOR 0 0 0
    END
    TOLERANCE 3
    METADATA
      "wms_srs"      "latlong"
      "wms_opaque"   "1"
      "wms_title"    "Ecozone"
      "wms_abstract" "Ecozone"
    END
  END
END
